core_cm4.h:1679:22:__NVIC_EnableIRQ	16	static
core_cm4.h:1807:22:__NVIC_SetPriority	16	static
fsl_common.h:460:28:EnableIRQ	16	static
fsl_ftm.h:636:20:FTM_SetTimerPeriod	16	static
fsl_ftm.h:670:20:FTM_StartTimer	24	static
peripherals.c:103:6:FTM0_init	8	static
peripherals.c:172:6:FTM1_init	8	static
peripherals.c:240:6:FTM2_init	8	static
peripherals.c:274:6:GPIOA_init	8	static
peripherals.c:306:6:GPIOC_init	8	static
peripherals.c:317:6:BOARD_InitPeripherals	8	static
peripherals.c:330:6:BOARD_InitBootPeripherals	8	static
