core_cm4.h:1679:22:__NVIC_EnableIRQ	16	static
core_cm4.h:1807:22:__NVIC_SetPriority	16	static
fsl_common.h:460:28:EnableIRQ	16	static
fsl_adc16.h:360:20:ADC16_EnableHardwareTrigger	16	static
fsl_ftm.h:636:20:FTM_SetTimerPeriod	16	static
fsl_ftm.h:670:20:FTM_StartTimer	24	static
peripherals.c:100:6:ADC0_init	8	static
peripherals.c:171:6:FTM0_init	8	static
peripherals.c:240:6:FTM1_init	8	static
peripherals.c:308:6:FTM2_init	8	static
peripherals.c:342:6:GPIOA_init	8	static
peripherals.c:374:6:GPIOC_init	8	static
peripherals.c:385:6:BOARD_InitPeripherals	8	static
peripherals.c:399:6:BOARD_InitBootPeripherals	8	static
