core_cm4.h:1679:22:__NVIC_EnableIRQ	16	static
fsl_common.h:460:28:EnableIRQ	16	static
fsl_ftm.h:670:20:FTM_StartTimer	24	static
fsl_ftm.h:684:20:FTM_StopTimer	16	static
lwip_ping_bm.c:142:13:mqtt_topic_subscribed_cb	24	static
lwip_ping_bm.c:160:13:mqtt_incoming_publish_cb	24	static
lwip_ping_bm.c:172:13:mqtt_incoming_data_cb	40	static
lwip_ping_bm.c:196:13:mqtt_subscribe_topics	40	static
lwip_ping_bm.c:224:13:mqtt_connection_cb	32	static
lwip_ping_bm.c:270:13:connect_to_mqtt	16	static
lwip_ping_bm.c:281:13:mqtt_message_published_cb	16	static
lwip_ping_bm.c:303:6:SysTick_Handler	8	static
lwip_ping_bm.c:327:6:PORTA_IRQHandler	8	static
lwip_ping_bm.c:339:6:FTM0_IRQHandler	8	static
lwip_ping_bm.c:352:6:FTM1_IRQHandler	8	static
lwip_ping_bm.c:358:6:FTM2_IRQHandler	8	static
lwip_ping_bm.c:366:5:main	88	static
