core_cm4.h:1679:22:__NVIC_EnableIRQ	16	static
fsl_common.h:460:28:EnableIRQ	16	static
fsl_ftm.h:670:20:FTM_StartTimer	24	static
fsl_ftm.h:684:20:FTM_StopTimer	16	static
lwip_ping_bm.c:125:13:mqtt_topic_subscribed_cb	24	static
lwip_ping_bm.c:143:13:mqtt_incoming_publish_cb	24	static
lwip_ping_bm.c:161:13:mqtt_incoming_data_cb	48	static
lwip_ping_bm.c:240:13:mqtt_subscribe_topics	40	static
lwip_ping_bm.c:268:13:mqtt_connection_cb	32	static
lwip_ping_bm.c:314:13:connect_to_mqtt	16	static
lwip_ping_bm.c:335:6:SysTick_Handler	8	static
lwip_ping_bm.c:347:6:PORTA_IRQHandler	8	static
lwip_ping_bm.c:359:6:FTM0_IRQHandler	8	static
lwip_ping_bm.c:371:6:FTM1_IRQHandler	8	static
lwip_ping_bm.c:376:6:FTM2_IRQHandler	8	static
lwip_ping_bm.c:385:5:main	120	static
